
> preview
> node scripts/with-app-env.mjs vite preview


 ╭────────── [Build Info] ─────────────╮
 │                                     │
 │  - Build Directory: .vercel/output  │
 │  - Date: 9/2/2026, 5:40:02 PM       │
 │  - Nitro Version: 3.0.260610-beta   │
 │  - Nitro Preset: vercel             │
 │                                     │
 ╰─────────────────────────────────────╯

  ➜  Local:   http://127.0.0.1:8081/
SyntaxError: Export 'ssr_exports' is not defined in module
    at compileSourceTextModule (node:internal/modules/esm/utils:346:16)
    ... 7 lines matching cause stack trace ...
    at async onImport.tracePromise.__proto__ (node:internal/modules/esm/loader:680:25) {
  cause: SyntaxError: Export 'ssr_exports' is not defined in module
      at compileSourceTextModule (node:internal/modules/esm/utils:346:16)
      at ModuleLoader.moduleStrategy (node:internal/modules/esm/translators:110:18)
      at #translate (node:internal/modules/esm/loader:559:20)
      at afterLoad (node:internal/modules/esm/loader:612:29)
      at ModuleLoader.loadAndTranslate (node:internal/modules/esm/loader:617:12)
      at #createModuleJob (node:internal/modules/esm/loader:640:36)
      at #getJobFromResolveResult (node:internal/modules/esm/loader:353:34)
      at ModuleLoader.getModuleJobForImport (node:internal/modules/esm/loader:321:41)
      at async onImport.tracePromise.__proto__ (node:internal/modules/esm/loader:680:25),
  status: 500,
  statusText: undefined,
  headers: undefined,
  data: undefined,
  body: undefined,
  unhandled: true
}
SyntaxError: Export 'ssr_exports' is not defined in module
    at compileSourceTextModule (node:internal/modules/esm/utils:346:16)
    ... 7 lines matching cause stack trace ...
    at async onImport.tracePromise.__proto__ (node:internal/modules/esm/loader:680:25) {
  cause: SyntaxError: Export 'ssr_exports' is not defined in module
      at compileSourceTextModule (node:internal/modules/esm/utils:346:16)
      at ModuleLoader.moduleStrategy (node:internal/modules/esm/translators:110:18)
      at #translate (node:internal/modules/esm/loader:559:20)
      at afterLoad (node:internal/modules/esm/loader:612:29)
      at ModuleLoader.loadAndTranslate (node:internal/modules/esm/loader:617:12)
      at #createModuleJob (node:internal/modules/esm/loader:640:36)
      at #getJobFromResolveResult (node:internal/modules/esm/loader:353:34)
      at ModuleLoader.getModuleJobForImport (node:internal/modules/esm/loader:321:41)
      at async onImport.tracePromise.__proto__ (node:internal/modules/esm/loader:680:25),
  status: 500,
  statusText: undefined,
  headers: undefined,
  data: undefined,
  body: undefined,
  unhandled: true
}
SyntaxError: Export 'ssr_exports' is not defined in module
    at compileSourceTextModule (node:internal/modules/esm/utils:346:16)
    ... 7 lines matching cause stack trace ...
    at async onImport.tracePromise.__proto__ (node:internal/modules/esm/loader:680:25) {
  cause: SyntaxError: Export 'ssr_exports' is not defined in module
      at compileSourceTextModule (node:internal/modules/esm/utils:346:16)
      at ModuleLoader.moduleStrategy (node:internal/modules/esm/translators:110:18)
      at #translate (node:internal/modules/esm/loader:559:20)
      at afterLoad (node:internal/modules/esm/loader:612:29)
      at ModuleLoader.loadAndTranslate (node:internal/modules/esm/loader:617:12)
      at #createModuleJob (node:internal/modules/esm/loader:640:36)
      at #getJobFromResolveResult (node:internal/modules/esm/loader:353:34)
      at ModuleLoader.getModuleJobForImport (node:internal/modules/esm/loader:321:41)
      at async onImport.tracePromise.__proto__ (node:internal/modules/esm/loader:680:25),
  status: 500,
  statusText: undefined,
  headers: undefined,
  data: undefined,
  body: undefined,
  unhandled: true
}
SyntaxError: Export 'ssr_exports' is not defined in module
    at compileSourceTextModule (node:internal/modules/esm/utils:346:16)
    ... 7 lines matching cause stack trace ...
    at async onImport.tracePromise.__proto__ (node:internal/modules/esm/loader:680:25) {
  cause: SyntaxError: Export 'ssr_exports' is not defined in module
      at compileSourceTextModule (node:internal/modules/esm/utils:346:16)
      at ModuleLoader.moduleStrategy (node:internal/modules/esm/translators:110:18)
      at #translate (node:internal/modules/esm/loader:559:20)
      at afterLoad (node:internal/modules/esm/loader:612:29)
      at ModuleLoader.loadAndTranslate (node:internal/modules/esm/loader:617:12)
      at #createModuleJob (node:internal/modules/esm/loader:640:36)
      at #getJobFromResolveResult (node:internal/modules/esm/loader:353:34)
      at ModuleLoader.getModuleJobForImport (node:internal/modules/esm/loader:321:41)
      at async onImport.tracePromise.__proto__ (node:internal/modules/esm/loader:680:25),
  status: 500,
  statusText: undefined,
  headers: undefined,
  data: undefined,
  body: undefined,
  unhandled: true
}
SyntaxError: Export 'ssr_exports' is not defined in module
    at compileSourceTextModule (node:internal/modules/esm/utils:346:16)
    ... 7 lines matching cause stack trace ...
    at async onImport.tracePromise.__proto__ (node:internal/modules/esm/loader:680:25) {
  cause: SyntaxError: Export 'ssr_exports' is not defined in module
      at compileSourceTextModule (node:internal/modules/esm/utils:346:16)
      at ModuleLoader.moduleStrategy (node:internal/modules/esm/translators:110:18)
      at #translate (node:internal/modules/esm/loader:559:20)
      at afterLoad (node:internal/modules/esm/loader:612:29)
      at ModuleLoader.loadAndTranslate (node:internal/modules/esm/loader:617:12)
      at #createModuleJob (node:internal/modules/esm/loader:640:36)
      at #getJobFromResolveResult (node:internal/modules/esm/loader:353:34)
      at ModuleLoader.getModuleJobForImport (node:internal/modules/esm/loader:321:41)
      at async onImport.tracePromise.__proto__ (node:internal/modules/esm/loader:680:25),
  status: 500,
  statusText: undefined,
  headers: undefined,
  data: undefined,
  body: undefined,
  unhandled: true
}
SyntaxError: Export 'ssr_exports' is not defined in module
    at compileSourceTextModule (node:internal/modules/esm/utils:346:16)
    ... 7 lines matching cause stack trace ...
    at async onImport.tracePromise.__proto__ (node:internal/modules/esm/loader:680:25) {
  cause: SyntaxError: Export 'ssr_exports' is not defined in module
      at compileSourceTextModule (node:internal/modules/esm/utils:346:16)
      at ModuleLoader.moduleStrategy (node:internal/modules/esm/translators:110:18)
      at #translate (node:internal/modules/esm/loader:559:20)
      at afterLoad (node:internal/modules/esm/loader:612:29)
      at ModuleLoader.loadAndTranslate (node:internal/modules/esm/loader:617:12)
      at #createModuleJob (node:internal/modules/esm/loader:640:36)
      at #getJobFromResolveResult (node:internal/modules/esm/loader:353:34)
      at ModuleLoader.getModuleJobForImport (node:internal/modules/esm/loader:321:41)
      at async onImport.tracePromise.__proto__ (node:internal/modules/esm/loader:680:25),
  status: 500,
  statusText: undefined,
  headers: undefined,
  data: undefined,
  body: undefined,
  unhandled: true
}
SyntaxError: Export 'ssr_exports' is not defined in module
    at compileSourceTextModule (node:internal/modules/esm/utils:346:16)
    ... 7 lines matching cause stack trace ...
    at async onImport.tracePromise.__proto__ (node:internal/modules/esm/loader:680:25) {
  cause: SyntaxError: Export 'ssr_exports' is not defined in module
      at compileSourceTextModule (node:internal/modules/esm/utils:346:16)
      at ModuleLoader.moduleStrategy (node:internal/modules/esm/translators:110:18)
      at #translate (node:internal/modules/esm/loader:559:20)
      at afterLoad (node:internal/modules/esm/loader:612:29)
      at ModuleLoader.loadAndTranslate (node:internal/modules/esm/loader:617:12)
      at #createModuleJob (node:internal/modules/esm/loader:640:36)
      at #getJobFromResolveResult (node:internal/modules/esm/loader:353:34)
      at ModuleLoader.getModuleJobForImport (node:internal/modules/esm/loader:321:41)
      at async onImport.tracePromise.__proto__ (node:internal/modules/esm/loader:680:25),
  status: 500,
  statusText: undefined,
  headers: undefined,
  data: undefined,
  body: undefined,
  unhandled: true
}
SyntaxError: Export 'ssr_exports' is not defined in module
    at compileSourceTextModule (node:internal/modules/esm/utils:346:16)
    ... 7 lines matching cause stack trace ...
    at async onImport.tracePromise.__proto__ (node:internal/modules/esm/loader:680:25) {
  cause: SyntaxError: Export 'ssr_exports' is not defined in module
      at compileSourceTextModule (node:internal/modules/esm/utils:346:16)
      at ModuleLoader.moduleStrategy (node:internal/modules/esm/translators:110:18)
      at #translate (node:internal/modules/esm/loader:559:20)
      at afterLoad (node:internal/modules/esm/loader:612:29)
      at ModuleLoader.loadAndTranslate (node:internal/modules/esm/loader:617:12)
      at #createModuleJob (node:internal/modules/esm/loader:640:36)
      at #getJobFromResolveResult (node:internal/modules/esm/loader:353:34)
      at ModuleLoader.getModuleJobForImport (node:internal/modules/esm/loader:321:41)
      at async onImport.tracePromise.__proto__ (node:internal/modules/esm/loader:680:25),
  status: 500,
  statusText: undefined,
  headers: undefined,
  data: undefined,
  body: undefined,
  unhandled: true
}
SyntaxError: Export 'ssr_exports' is not defined in module
    at compileSourceTextModule (node:internal/modules/esm/utils:346:16)
    ... 7 lines matching cause stack trace ...
    at async onImport.tracePromise.__proto__ (node:internal/modules/esm/loader:680:25) {
  cause: SyntaxError: Export 'ssr_exports' is not defined in module
      at compileSourceTextModule (node:internal/modules/esm/utils:346:16)
      at ModuleLoader.moduleStrategy (node:internal/modules/esm/translators:110:18)
      at #translate (node:internal/modules/esm/loader:559:20)
      at afterLoad (node:internal/modules/esm/loader:612:29)
      at ModuleLoader.loadAndTranslate (node:internal/modules/esm/loader:617:12)
      at #createModuleJob (node:internal/modules/esm/loader:640:36)
      at #getJobFromResolveResult (node:internal/modules/esm/loader:353:34)
      at ModuleLoader.getModuleJobForImport (node:internal/modules/esm/loader:321:41)
      at async onImport.tracePromise.__proto__ (node:internal/modules/esm/loader:680:25),
  status: 500,
  statusText: undefined,
  headers: undefined,
  data: undefined,
  body: undefined,
  unhandled: true
}
SyntaxError: Export 'ssr_exports' is not defined in module
    at compileSourceTextModule (node:internal/modules/esm/utils:346:16)
    ... 7 lines matching cause stack trace ...
    at async onImport.tracePromise.__proto__ (node:internal/modules/esm/loader:680:25) {
  cause: SyntaxError: Export 'ssr_exports' is not defined in module
      at compileSourceTextModule (node:internal/modules/esm/utils:346:16)
      at ModuleLoader.moduleStrategy (node:internal/modules/esm/translators:110:18)
      at #translate (node:internal/modules/esm/loader:559:20)
      at afterLoad (node:internal/modules/esm/loader:612:29)
      at ModuleLoader.loadAndTranslate (node:internal/modules/esm/loader:617:12)
      at #createModuleJob (node:internal/modules/esm/loader:640:36)
      at #getJobFromResolveResult (node:internal/modules/esm/loader:353:34)
      at ModuleLoader.getModuleJobForImport (node:internal/modules/esm/loader:321:41)
      at async onImport.tracePromise.__proto__ (node:internal/modules/esm/loader:680:25),
  status: 500,
  statusText: undefined,
  headers: undefined,
  data: undefined,
  body: undefined,
  unhandled: true
}
SyntaxError: Export 'ssr_exports' is not defined in module
    at compileSourceTextModule (node:internal/modules/esm/utils:346:16)
    ... 7 lines matching cause stack trace ...
    at async onImport.tracePromise.__proto__ (node:internal/modules/esm/loader:680:25) {
  cause: SyntaxError: Export 'ssr_exports' is not defined in module
      at compileSourceTextModule (node:internal/modules/esm/utils:346:16)
      at ModuleLoader.moduleStrategy (node:internal/modules/esm/translators:110:18)
      at #translate (node:internal/modules/esm/loader:559:20)
      at afterLoad (node:internal/modules/esm/loader:612:29)
      at ModuleLoader.loadAndTranslate (node:internal/modules/esm/loader:617:12)
      at #createModuleJob (node:internal/modules/esm/loader:640:36)
      at #getJobFromResolveResult (node:internal/modules/esm/loader:353:34)
      at ModuleLoader.getModuleJobForImport (node:internal/modules/esm/loader:321:41)
      at async onImport.tracePromise.__proto__ (node:internal/modules/esm/loader:680:25),
  status: 500,
  statusText: undefined,
  headers: undefined,
  data: undefined,
  body: undefined,
  unhandled: true
}
SyntaxError: Export 'ssr_exports' is not defined in module
    at compileSourceTextModule (node:internal/modules/esm/utils:346:16)
    ... 7 lines matching cause stack trace ...
    at async onImport.tracePromise.__proto__ (node:internal/modules/esm/loader:680:25) {
  cause: SyntaxError: Export 'ssr_exports' is not defined in module
      at compileSourceTextModule (node:internal/modules/esm/utils:346:16)
      at ModuleLoader.moduleStrategy (node:internal/modules/esm/translators:110:18)
      at #translate (node:internal/modules/esm/loader:559:20)
      at afterLoad (node:internal/modules/esm/loader:612:29)
      at ModuleLoader.loadAndTranslate (node:internal/modules/esm/loader:617:12)
      at #createModuleJob (node:internal/modules/esm/loader:640:36)
      at #getJobFromResolveResult (node:internal/modules/esm/loader:353:34)
      at ModuleLoader.getModuleJobForImport (node:internal/modules/esm/loader:321:41)
      at async onImport.tracePromise.__proto__ (node:internal/modules/esm/loader:680:25),
  status: 500,
  statusText: undefined,
  headers: undefined,
  data: undefined,
  body: undefined,
  unhandled: true
}
SyntaxError: Export 'ssr_exports' is not defined in module
    at compileSourceTextModule (node:internal/modules/esm/utils:346:16)
    ... 7 lines matching cause stack trace ...
    at async onImport.tracePromise.__proto__ (node:internal/modules/esm/loader:680:25) {
  cause: SyntaxError: Export 'ssr_exports' is not defined in module
      at compileSourceTextModule (node:internal/modules/esm/utils:346:16)
      at ModuleLoader.moduleStrategy (node:internal/modules/esm/translators:110:18)
      at #translate (node:internal/modules/esm/loader:559:20)
      at afterLoad (node:internal/modules/esm/loader:612:29)
      at ModuleLoader.loadAndTranslate (node:internal/modules/esm/loader:617:12)
      at #createModuleJob (node:internal/modules/esm/loader:640:36)
      at #getJobFromResolveResult (node:internal/modules/esm/loader:353:34)
      at ModuleLoader.getModuleJobForImport (node:internal/modules/esm/loader:321:41)
      at async onImport.tracePromise.__proto__ (node:internal/modules/esm/loader:680:25),
  status: 500,
  statusText: undefined,
  headers: undefined,
  data: undefined,
  body: undefined,
  unhandled: true
}
SyntaxError: Export 'ssr_exports' is not defined in module
    at compileSourceTextModule (node:internal/modules/esm/utils:346:16)
    ... 7 lines matching cause stack trace ...
    at async onImport.tracePromise.__proto__ (node:internal/modules/esm/loader:680:25) {
  cause: SyntaxError: Export 'ssr_exports' is not defined in module
      at compileSourceTextModule (node:internal/modules/esm/utils:346:16)
      at ModuleLoader.moduleStrategy (node:internal/modules/esm/translators:110:18)
      at #translate (node:internal/modules/esm/loader:559:20)
      at afterLoad (node:internal/modules/esm/loader:612:29)
      at ModuleLoader.loadAndTranslate (node:internal/modules/esm/loader:617:12)
      at #createModuleJob (node:internal/modules/esm/loader:640:36)
      at #getJobFromResolveResult (node:internal/modules/esm/loader:353:34)
      at ModuleLoader.getModuleJobForImport (node:internal/modules/esm/loader:321:41)
      at async onImport.tracePromise.__proto__ (node:internal/modules/esm/loader:680:25),
  status: 500,
  statusText: undefined,
  headers: undefined,
  data: undefined,
  body: undefined,
  unhandled: true
}
SyntaxError: Export 'ssr_exports' is not defined in module
    at compileSourceTextModule (node:internal/modules/esm/utils:346:16)
    ... 7 lines matching cause stack trace ...
    at async onImport.tracePromise.__proto__ (node:internal/modules/esm/loader:680:25) {
  cause: SyntaxError: Export 'ssr_exports' is not defined in module
      at compileSourceTextModule (node:internal/modules/esm/utils:346:16)
      at ModuleLoader.moduleStrategy (node:internal/modules/esm/translators:110:18)
      at #translate (node:internal/modules/esm/loader:559:20)
      at afterLoad (node:internal/modules/esm/loader:612:29)
      at ModuleLoader.loadAndTranslate (node:internal/modules/esm/loader:617:12)
      at #createModuleJob (node:internal/modules/esm/loader:640:36)
      at #getJobFromResolveResult (node:internal/modules/esm/loader:353:34)
      at ModuleLoader.getModuleJobForImport (node:internal/modules/esm/loader:321:41)
      at async onImport.tracePromise.__proto__ (node:internal/modules/esm/loader:680:25),
  status: 500,
  statusText: undefined,
  headers: undefined,
  data: undefined,
  body: undefined,
  unhandled: true
}
SyntaxError: Export 'ssr_exports' is not defined in module
    at compileSourceTextModule (node:internal/modules/esm/utils:346:16)
    ... 7 lines matching cause stack trace ...
    at async onImport.tracePromise.__proto__ (node:internal/modules/esm/loader:680:25) {
  cause: SyntaxError: Export 'ssr_exports' is not defined in module
      at compileSourceTextModule (node:internal/modules/esm/utils:346:16)
      at ModuleLoader.moduleStrategy (node:internal/modules/esm/translators:110:18)
      at #translate (node:internal/modules/esm/loader:559:20)
      at afterLoad (node:internal/modules/esm/loader:612:29)
      at ModuleLoader.loadAndTranslate (node:internal/modules/esm/loader:617:12)
      at #createModuleJob (node:internal/modules/esm/loader:640:36)
      at #getJobFromResolveResult (node:internal/modules/esm/loader:353:34)
      at ModuleLoader.getModuleJobForImport (node:internal/modules/esm/loader:321:41)
      at async onImport.tracePromise.__proto__ (node:internal/modules/esm/loader:680:25),
  status: 500,
  statusText: undefined,
  headers: undefined,
  data: undefined,
  body: undefined,
  unhandled: true
}
SyntaxError: Export 'ssr_exports' is not defined in module
    at compileSourceTextModule (node:internal/modules/esm/utils:346:16)
    ... 7 lines matching cause stack trace ...
    at async onImport.tracePromise.__proto__ (node:internal/modules/esm/loader:680:25) {
  cause: SyntaxError: Export 'ssr_exports' is not defined in module
      at compileSourceTextModule (node:internal/modules/esm/utils:346:16)
      at ModuleLoader.moduleStrategy (node:internal/modules/esm/translators:110:18)
      at #translate (node:internal/modules/esm/loader:559:20)
      at afterLoad (node:internal/modules/esm/loader:612:29)
      at ModuleLoader.loadAndTranslate (node:internal/modules/esm/loader:617:12)
      at #createModuleJob (node:internal/modules/esm/loader:640:36)
      at #getJobFromResolveResult (node:internal/modules/esm/loader:353:34)
      at ModuleLoader.getModuleJobForImport (node:internal/modules/esm/loader:321:41)
      at async onImport.tracePromise.__proto__ (node:internal/modules/esm/loader:680:25),
  status: 500,
  statusText: undefined,
  headers: undefined,
  data: undefined,
  body: undefined,
  unhandled: true
}
SyntaxError: Export 'ssr_exports' is not defined in module
    at compileSourceTextModule (node:internal/modules/esm/utils:346:16)
    ... 7 lines matching cause stack trace ...
    at async onImport.tracePromise.__proto__ (node:internal/modules/esm/loader:680:25) {
  cause: SyntaxError: Export 'ssr_exports' is not defined in module
      at compileSourceTextModule (node:internal/modules/esm/utils:346:16)
      at ModuleLoader.moduleStrategy (node:internal/modules/esm/translators:110:18)
      at #translate (node:internal/modules/esm/loader:559:20)
      at afterLoad (node:internal/modules/esm/loader:612:29)
      at ModuleLoader.loadAndTranslate (node:internal/modules/esm/loader:617:12)
      at #createModuleJob (node:internal/modules/esm/loader:640:36)
      at #getJobFromResolveResult (node:internal/modules/esm/loader:353:34)
      at ModuleLoader.getModuleJobForImport (node:internal/modules/esm/loader:321:41)
      at async onImport.tracePromise.__proto__ (node:internal/modules/esm/loader:680:25),
  status: 500,
  statusText: undefined,
  headers: undefined,
  data: undefined,
  body: undefined,
  unhandled: true
}
SyntaxError: Export 'ssr_exports' is not defined in module
    at compileSourceTextModule (node:internal/modules/esm/utils:346:16)
    ... 7 lines matching cause stack trace ...
    at async onImport.tracePromise.__proto__ (node:internal/modules/esm/loader:680:25) {
  cause: SyntaxError: Export 'ssr_exports' is not defined in module
      at compileSourceTextModule (node:internal/modules/esm/utils:346:16)
      at ModuleLoader.moduleStrategy (node:internal/modules/esm/translators:110:18)
      at #translate (node:internal/modules/esm/loader:559:20)
      at afterLoad (node:internal/modules/esm/loader:612:29)
      at ModuleLoader.loadAndTranslate (node:internal/modules/esm/loader:617:12)
      at #createModuleJob (node:internal/modules/esm/loader:640:36)
      at #getJobFromResolveResult (node:internal/modules/esm/loader:353:34)
      at ModuleLoader.getModuleJobForImport (node:internal/modules/esm/loader:321:41)
      at async onImport.tracePromise.__proto__ (node:internal/modules/esm/loader:680:25),
  status: 500,
  statusText: undefined,
  headers: undefined,
  data: undefined,
  body: undefined,
  unhandled: true
}
SyntaxError: Export 'ssr_exports' is not defined in module
    at compileSourceTextModule (node:internal/modules/esm/utils:346:16)
    ... 7 lines matching cause stack trace ...
    at async onImport.tracePromise.__proto__ (node:internal/modules/esm/loader:680:25) {
  cause: SyntaxError: Export 'ssr_exports' is not defined in module
      at compileSourceTextModule (node:internal/modules/esm/utils:346:16)
      at ModuleLoader.moduleStrategy (node:internal/modules/esm/translators:110:18)
      at #translate (node:internal/modules/esm/loader:559:20)
      at afterLoad (node:internal/modules/esm/loader:612:29)
      at ModuleLoader.loadAndTranslate (node:internal/modules/esm/loader:617:12)
      at #createModuleJob (node:internal/modules/esm/loader:640:36)
      at #getJobFromResolveResult (node:internal/modules/esm/loader:353:34)
      at ModuleLoader.getModuleJobForImport (node:internal/modules/esm/loader:321:41)
      at async onImport.tracePromise.__proto__ (node:internal/modules/esm/loader:680:25),
  status: 500,
  statusText: undefined,
  headers: undefined,
  data: undefined,
  body: undefined,
  unhandled: true
}
SyntaxError: Export 'ssr_exports' is not defined in module
    at compileSourceTextModule (node:internal/modules/esm/utils:346:16)
    ... 7 lines matching cause stack trace ...
    at async onImport.tracePromise.__proto__ (node:internal/modules/esm/loader:680:25) {
  cause: SyntaxError: Export 'ssr_exports' is not defined in module
      at compileSourceTextModule (node:internal/modules/esm/utils:346:16)
      at ModuleLoader.moduleStrategy (node:internal/modules/esm/translators:110:18)
      at #translate (node:internal/modules/esm/loader:559:20)
      at afterLoad (node:internal/modules/esm/loader:612:29)
      at ModuleLoader.loadAndTranslate (node:internal/modules/esm/loader:617:12)
      at #createModuleJob (node:internal/modules/esm/loader:640:36)
      at #getJobFromResolveResult (node:internal/modules/esm/loader:353:34)
      at ModuleLoader.getModuleJobForImport (node:internal/modules/esm/loader:321:41)
      at async onImport.tracePromise.__proto__ (node:internal/modules/esm/loader:680:25),
  status: 500,
  statusText: undefined,
  headers: undefined,
  data: undefined,
  body: undefined,
  unhandled: true
}
SyntaxError: Export 'ssr_exports' is not defined in module
    at compileSourceTextModule (node:internal/modules/esm/utils:346:16)
    ... 7 lines matching cause stack trace ...
    at async onImport.tracePromise.__proto__ (node:internal/modules/esm/loader:680:25) {
  cause: SyntaxError: Export 'ssr_exports' is not defined in module
      at compileSourceTextModule (node:internal/modules/esm/utils:346:16)
      at ModuleLoader.moduleStrategy (node:internal/modules/esm/translators:110:18)
      at #translate (node:internal/modules/esm/loader:559:20)
      at afterLoad (node:internal/modules/esm/loader:612:29)
      at ModuleLoader.loadAndTranslate (node:internal/modules/esm/loader:617:12)
      at #createModuleJob (node:internal/modules/esm/loader:640:36)
      at #getJobFromResolveResult (node:internal/modules/esm/loader:353:34)
      at ModuleLoader.getModuleJobForImport (node:internal/modules/esm/loader:321:41)
      at async onImport.tracePromise.__proto__ (node:internal/modules/esm/loader:680:25),
  status: 500,
  statusText: undefined,
  headers: undefined,
  data: undefined,
  body: undefined,
  unhandled: true
}
SyntaxError: Export 'ssr_exports' is not defined in module
    at compileSourceTextModule (node:internal/modules/esm/utils:346:16)
    ... 7 lines matching cause stack trace ...
    at async onImport.tracePromise.__proto__ (node:internal/modules/esm/loader:680:25) {
  cause: SyntaxError: Export 'ssr_exports' is not defined in module
      at compileSourceTextModule (node:internal/modules/esm/utils:346:16)
      at ModuleLoader.moduleStrategy (node:internal/modules/esm/translators:110:18)
      at #translate (node:internal/modules/esm/loader:559:20)
      at afterLoad (node:internal/modules/esm/loader:612:29)
      at ModuleLoader.loadAndTranslate (node:internal/modules/esm/loader:617:12)
      at #createModuleJob (node:internal/modules/esm/loader:640:36)
      at #getJobFromResolveResult (node:internal/modules/esm/loader:353:34)
      at ModuleLoader.getModuleJobForImport (node:internal/modules/esm/loader:321:41)
      at async onImport.tracePromise.__proto__ (node:internal/modules/esm/loader:680:25),
  status: 500,
  statusText: undefined,
  headers: undefined,
  data: undefined,
  body: undefined,
  unhandled: true
}
SyntaxError: Export 'ssr_exports' is not defined in module
    at compileSourceTextModule (node:internal/modules/esm/utils:346:16)
    ... 7 lines matching cause stack trace ...
    at async onImport.tracePromise.__proto__ (node:internal/modules/esm/loader:680:25) {
  cause: SyntaxError: Export 'ssr_exports' is not defined in module
      at compileSourceTextModule (node:internal/modules/esm/utils:346:16)
      at ModuleLoader.moduleStrategy (node:internal/modules/esm/translators:110:18)
      at #translate (node:internal/modules/esm/loader:559:20)
      at afterLoad (node:internal/modules/esm/loader:612:29)
      at ModuleLoader.loadAndTranslate (node:internal/modules/esm/loader:617:12)
      at #createModuleJob (node:internal/modules/esm/loader:640:36)
      at #getJobFromResolveResult (node:internal/modules/esm/loader:353:34)
      at ModuleLoader.getModuleJobForImport (node:internal/modules/esm/loader:321:41)
      at async onImport.tracePromise.__proto__ (node:internal/modules/esm/loader:680:25),
  status: 500,
  statusText: undefined,
  headers: undefined,
  data: undefined,
  body: undefined,
  unhandled: true
}
SyntaxError: Export 'ssr_exports' is not defined in module
    at compileSourceTextModule (node:internal/modules/esm/utils:346:16)
    ... 7 lines matching cause stack trace ...
    at async onImport.tracePromise.__proto__ (node:internal/modules/esm/loader:680:25) {
  cause: SyntaxError: Export 'ssr_exports' is not defined in module
      at compileSourceTextModule (node:internal/modules/esm/utils:346:16)
      at ModuleLoader.moduleStrategy (node:internal/modules/esm/translators:110:18)
      at #translate (node:internal/modules/esm/loader:559:20)
      at afterLoad (node:internal/modules/esm/loader:612:29)
      at ModuleLoader.loadAndTranslate (node:internal/modules/esm/loader:617:12)
      at #createModuleJob (node:internal/modules/esm/loader:640:36)
      at #getJobFromResolveResult (node:internal/modules/esm/loader:353:34)
      at ModuleLoader.getModuleJobForImport (node:internal/modules/esm/loader:321:41)
      at async onImport.tracePromise.__proto__ (node:internal/modules/esm/loader:680:25),
  status: 500,
  statusText: undefined,
  headers: undefined,
  data: undefined,
  body: undefined,
  unhandled: true
}
SyntaxError: Export 'ssr_exports' is not defined in module
    at compileSourceTextModule (node:internal/modules/esm/utils:346:16)
    ... 7 lines matching cause stack trace ...
    at async onImport.tracePromise.__proto__ (node:internal/modules/esm/loader:680:25) {
  cause: SyntaxError: Export 'ssr_exports' is not defined in module
      at compileSourceTextModule (node:internal/modules/esm/utils:346:16)
      at ModuleLoader.moduleStrategy (node:internal/modules/esm/translators:110:18)
      at #translate (node:internal/modules/esm/loader:559:20)
      at afterLoad (node:internal/modules/esm/loader:612:29)
      at ModuleLoader.loadAndTranslate (node:internal/modules/esm/loader:617:12)
      at #createModuleJob (node:internal/modules/esm/loader:640:36)
      at #getJobFromResolveResult (node:internal/modules/esm/loader:353:34)
      at ModuleLoader.getModuleJobForImport (node:internal/modules/esm/loader:321:41)
      at async onImport.tracePromise.__proto__ (node:internal/modules/esm/loader:680:25),
  status: 500,
  statusText: undefined,
  headers: undefined,
  data: undefined,
  body: undefined,
  unhandled: true
}
SyntaxError: Export 'ssr_exports' is not defined in module
    at compileSourceTextModule (node:internal/modules/esm/utils:346:16)
    ... 7 lines matching cause stack trace ...
    at async onImport.tracePromise.__proto__ (node:internal/modules/esm/loader:680:25) {
  cause: SyntaxError: Export 'ssr_exports' is not defined in module
      at compileSourceTextModule (node:internal/modules/esm/utils:346:16)
      at ModuleLoader.moduleStrategy (node:internal/modules/esm/translators:110:18)
      at #translate (node:internal/modules/esm/loader:559:20)
      at afterLoad (node:internal/modules/esm/loader:612:29)
      at ModuleLoader.loadAndTranslate (node:internal/modules/esm/loader:617:12)
      at #createModuleJob (node:internal/modules/esm/loader:640:36)
      at #getJobFromResolveResult (node:internal/modules/esm/loader:353:34)
      at ModuleLoader.getModuleJobForImport (node:internal/modules/esm/loader:321:41)
      at async onImport.tracePromise.__proto__ (node:internal/modules/esm/loader:680:25),
  status: 500,
  statusText: undefined,
  headers: undefined,
  data: undefined,
  body: undefined,
  unhandled: true
}
SyntaxError: Export 'ssr_exports' is not defined in module
    at compileSourceTextModule (node:internal/modules/esm/utils:346:16)
    ... 7 lines matching cause stack trace ...
    at async onImport.tracePromise.__proto__ (node:internal/modules/esm/loader:680:25) {
  cause: SyntaxError: Export 'ssr_exports' is not defined in module
      at compileSourceTextModule (node:internal/modules/esm/utils:346:16)
      at ModuleLoader.moduleStrategy (node:internal/modules/esm/translators:110:18)
      at #translate (node:internal/modules/esm/loader:559:20)
      at afterLoad (node:internal/modules/esm/loader:612:29)
      at ModuleLoader.loadAndTranslate (node:internal/modules/esm/loader:617:12)
      at #createModuleJob (node:internal/modules/esm/loader:640:36)
      at #getJobFromResolveResult (node:internal/modules/esm/loader:353:34)
      at ModuleLoader.getModuleJobForImport (node:internal/modules/esm/loader:321:41)
      at async onImport.tracePromise.__proto__ (node:internal/modules/esm/loader:680:25),
  status: 500,
  statusText: undefined,
  headers: undefined,
  data: undefined,
  body: undefined,
  unhandled: true
}
SyntaxError: Export 'ssr_exports' is not defined in module
    at compileSourceTextModule (node:internal/modules/esm/utils:346:16)
    ... 7 lines matching cause stack trace ...
    at async onImport.tracePromise.__proto__ (node:internal/modules/esm/loader:680:25) {
  cause: SyntaxError: Export 'ssr_exports' is not defined in module
      at compileSourceTextModule (node:internal/modules/esm/utils:346:16)
      at ModuleLoader.moduleStrategy (node:internal/modules/esm/translators:110:18)
      at #translate (node:internal/modules/esm/loader:559:20)
      at afterLoad (node:internal/modules/esm/loader:612:29)
      at ModuleLoader.loadAndTranslate (node:internal/modules/esm/loader:617:12)
      at #createModuleJob (node:internal/modules/esm/loader:640:36)
      at #getJobFromResolveResult (node:internal/modules/esm/loader:353:34)
      at ModuleLoader.getModuleJobForImport (node:internal/modules/esm/loader:321:41)
      at async onImport.tracePromise.__proto__ (node:internal/modules/esm/loader:680:25),
  status: 500,
  statusText: undefined,
  headers: undefined,
  data: undefined,
  body: undefined,
  unhandled: true
}
SyntaxError: Export 'ssr_exports' is not defined in module
    at compileSourceTextModule (node:internal/modules/esm/utils:346:16)
    ... 7 lines matching cause stack trace ...
    at async onImport.tracePromise.__proto__ (node:internal/modules/esm/loader:680:25) {
  cause: SyntaxError: Export 'ssr_exports' is not defined in module
      at compileSourceTextModule (node:internal/modules/esm/utils:346:16)
      at ModuleLoader.moduleStrategy (node:internal/modules/esm/translators:110:18)
      at #translate (node:internal/modules/esm/loader:559:20)
      at afterLoad (node:internal/modules/esm/loader:612:29)
      at ModuleLoader.loadAndTranslate (node:internal/modules/esm/loader:617:12)
      at #createModuleJob (node:internal/modules/esm/loader:640:36)
      at #getJobFromResolveResult (node:internal/modules/esm/loader:353:34)
      at ModuleLoader.getModuleJobForImport (node:internal/modules/esm/loader:321:41)
      at async onImport.tracePromise.__proto__ (node:internal/modules/esm/loader:680:25),
  status: 500,
  statusText: undefined,
  headers: undefined,
  data: undefined,
  body: undefined,
  unhandled: true
}
SyntaxError: Export 'ssr_exports' is not defined in module
    at compileSourceTextModule (node:internal/modules/esm/utils:346:16)
    ... 7 lines matching cause stack trace ...
    at async onImport.tracePromise.__proto__ (node:internal/modules/esm/loader:680:25) {
  cause: SyntaxError: Export 'ssr_exports' is not defined in module
      at compileSourceTextModule (node:internal/modules/esm/utils:346:16)
      at ModuleLoader.moduleStrategy (node:internal/modules/esm/translators:110:18)
      at #translate (node:internal/modules/esm/loader:559:20)
      at afterLoad (node:internal/modules/esm/loader:612:29)
      at ModuleLoader.loadAndTranslate (node:internal/modules/esm/loader:617:12)
      at #createModuleJob (node:internal/modules/esm/loader:640:36)
      at #getJobFromResolveResult (node:internal/modules/esm/loader:353:34)
      at ModuleLoader.getModuleJobForImport (node:internal/modules/esm/loader:321:41)
      at async onImport.tracePromise.__proto__ (node:internal/modules/esm/loader:680:25),
  status: 500,
  statusText: undefined,
  headers: undefined,
  data: undefined,
  body: undefined,
  unhandled: true
}
SyntaxError: Export 'ssr_exports' is not defined in module
    at compileSourceTextModule (node:internal/modules/esm/utils:346:16)
    ... 7 lines matching cause stack trace ...
    at async onImport.tracePromise.__proto__ (node:internal/modules/esm/loader:680:25) {
  cause: SyntaxError: Export 'ssr_exports' is not defined in module
      at compileSourceTextModule (node:internal/modules/esm/utils:346:16)
      at ModuleLoader.moduleStrategy (node:internal/modules/esm/translators:110:18)
      at #translate (node:internal/modules/esm/loader:559:20)
      at afterLoad (node:internal/modules/esm/loader:612:29)
      at ModuleLoader.loadAndTranslate (node:internal/modules/esm/loader:617:12)
      at #createModuleJob (node:internal/modules/esm/loader:640:36)
      at #getJobFromResolveResult (node:internal/modules/esm/loader:353:34)
      at ModuleLoader.getModuleJobForImport (node:internal/modules/esm/loader:321:41)
      at async onImport.tracePromise.__proto__ (node:internal/modules/esm/loader:680:25),
  status: 500,
  statusText: undefined,
  headers: undefined,
  data: undefined,
  body: undefined,
  unhandled: true
}
SyntaxError: Export 'ssr_exports' is not defined in module
    at compileSourceTextModule (node:internal/modules/esm/utils:346:16)
    ... 7 lines matching cause stack trace ...
    at async onImport.tracePromise.__proto__ (node:internal/modules/esm/loader:680:25) {
  cause: SyntaxError: Export 'ssr_exports' is not defined in module
      at compileSourceTextModule (node:internal/modules/esm/utils:346:16)
      at ModuleLoader.moduleStrategy (node:internal/modules/esm/translators:110:18)
      at #translate (node:internal/modules/esm/loader:559:20)
      at afterLoad (node:internal/modules/esm/loader:612:29)
      at ModuleLoader.loadAndTranslate (node:internal/modules/esm/loader:617:12)
      at #createModuleJob (node:internal/modules/esm/loader:640:36)
      at #getJobFromResolveResult (node:internal/modules/esm/loader:353:34)
      at ModuleLoader.getModuleJobForImport (node:internal/modules/esm/loader:321:41)
      at async onImport.tracePromise.__proto__ (node:internal/modules/esm/loader:680:25),
  status: 500,
  statusText: undefined,
  headers: undefined,
  data: undefined,
  body: undefined,
  unhandled: true
}
SyntaxError: Export 'ssr_exports' is not defined in module
    at compileSourceTextModule (node:internal/modules/esm/utils:346:16)
    ... 7 lines matching cause stack trace ...
    at async onImport.tracePromise.__proto__ (node:internal/modules/esm/loader:680:25) {
  cause: SyntaxError: Export 'ssr_exports' is not defined in module
      at compileSourceTextModule (node:internal/modules/esm/utils:346:16)
      at ModuleLoader.moduleStrategy (node:internal/modules/esm/translators:110:18)
      at #translate (node:internal/modules/esm/loader:559:20)
      at afterLoad (node:internal/modules/esm/loader:612:29)
      at ModuleLoader.loadAndTranslate (node:internal/modules/esm/loader:617:12)
      at #createModuleJob (node:internal/modules/esm/loader:640:36)
      at #getJobFromResolveResult (node:internal/modules/esm/loader:353:34)
      at ModuleLoader.getModuleJobForImport (node:internal/modules/esm/loader:321:41)
      at async onImport.tracePromise.__proto__ (node:internal/modules/esm/loader:680:25),
  status: 500,
  statusText: undefined,
  headers: undefined,
  data: undefined,
  body: undefined,
  unhandled: true
}
SyntaxError: Export 'ssr_exports' is not defined in module
    at compileSourceTextModule (node:internal/modules/esm/utils:346:16)
    ... 7 lines matching cause stack trace ...
    at async onImport.tracePromise.__proto__ (node:internal/modules/esm/loader:680:25) {
  cause: SyntaxError: Export 'ssr_exports' is not defined in module
      at compileSourceTextModule (node:internal/modules/esm/utils:346:16)
      at ModuleLoader.moduleStrategy (node:internal/modules/esm/translators:110:18)
      at #translate (node:internal/modules/esm/loader:559:20)
      at afterLoad (node:internal/modules/esm/loader:612:29)
      at ModuleLoader.loadAndTranslate (node:internal/modules/esm/loader:617:12)
      at #createModuleJob (node:internal/modules/esm/loader:640:36)
      at #getJobFromResolveResult (node:internal/modules/esm/loader:353:34)
      at ModuleLoader.getModuleJobForImport (node:internal/modules/esm/loader:321:41)
      at async onImport.tracePromise.__proto__ (node:internal/modules/esm/loader:680:25),
  status: 500,
  statusText: undefined,
  headers: undefined,
  data: undefined,
  body: undefined,
  unhandled: true
}
SyntaxError: Export 'ssr_exports' is not defined in module
    at compileSourceTextModule (node:internal/modules/esm/utils:346:16)
    ... 7 lines matching cause stack trace ...
    at async onImport.tracePromise.__proto__ (node:internal/modules/esm/loader:680:25) {
  cause: SyntaxError: Export 'ssr_exports' is not defined in module
      at compileSourceTextModule (node:internal/modules/esm/utils:346:16)
      at ModuleLoader.moduleStrategy (node:internal/modules/esm/translators:110:18)
      at #translate (node:internal/modules/esm/loader:559:20)
      at afterLoad (node:internal/modules/esm/loader:612:29)
      at ModuleLoader.loadAndTranslate (node:internal/modules/esm/loader:617:12)
      at #createModuleJob (node:internal/modules/esm/loader:640:36)
      at #getJobFromResolveResult (node:internal/modules/esm/loader:353:34)
      at ModuleLoader.getModuleJobForImport (node:internal/modules/esm/loader:321:41)
      at async onImport.tracePromise.__proto__ (node:internal/modules/esm/loader:680:25),
  status: 500,
  statusText: undefined,
  headers: undefined,
  data: undefined,
  body: undefined,
  unhandled: true
}
SyntaxError: Export 'ssr_exports' is not defined in module
    at compileSourceTextModule (node:internal/modules/esm/utils:346:16)
    ... 7 lines matching cause stack trace ...
    at async onImport.tracePromise.__proto__ (node:internal/modules/esm/loader:680:25) {
  cause: SyntaxError: Export 'ssr_exports' is not defined in module
      at compileSourceTextModule (node:internal/modules/esm/utils:346:16)
      at ModuleLoader.moduleStrategy (node:internal/modules/esm/translators:110:18)
      at #translate (node:internal/modules/esm/loader:559:20)
      at afterLoad (node:internal/modules/esm/loader:612:29)
      at ModuleLoader.loadAndTranslate (node:internal/modules/esm/loader:617:12)
      at #createModuleJob (node:internal/modules/esm/loader:640:36)
      at #getJobFromResolveResult (node:internal/modules/esm/loader:353:34)
      at ModuleLoader.getModuleJobForImport (node:internal/modules/esm/loader:321:41)
      at async onImport.tracePromise.__proto__ (node:internal/modules/esm/loader:680:25),
  status: 500,
  statusText: undefined,
  headers: undefined,
  data: undefined,
  body: undefined,
  unhandled: true
}
SyntaxError: Export 'ssr_exports' is not defined in module
    at compileSourceTextModule (node:internal/modules/esm/utils:346:16)
    ... 7 lines matching cause stack trace ...
    at async onImport.tracePromise.__proto__ (node:internal/modules/esm/loader:680:25) {
  cause: SyntaxError: Export 'ssr_exports' is not defined in module
      at compileSourceTextModule (node:internal/modules/esm/utils:346:16)
      at ModuleLoader.moduleStrategy (node:internal/modules/esm/translators:110:18)
      at #translate (node:internal/modules/esm/loader:559:20)
      at afterLoad (node:internal/modules/esm/loader:612:29)
      at ModuleLoader.loadAndTranslate (node:internal/modules/esm/loader:617:12)
      at #createModuleJob (node:internal/modules/esm/loader:640:36)
      at #getJobFromResolveResult (node:internal/modules/esm/loader:353:34)
      at ModuleLoader.getModuleJobForImport (node:internal/modules/esm/loader:321:41)
      at async onImport.tracePromise.__proto__ (node:internal/modules/esm/loader:680:25),
  status: 500,
  statusText: undefined,
  headers: undefined,
  data: undefined,
  body: undefined,
  unhandled: true
}
SyntaxError: Export 'ssr_exports' is not defined in module
    at compileSourceTextModule (node:internal/modules/esm/utils:346:16)
    ... 7 lines matching cause stack trace ...
    at async onImport.tracePromise.__proto__ (node:internal/modules/esm/loader:680:25) {
  cause: SyntaxError: Export 'ssr_exports' is not defined in module
      at compileSourceTextModule (node:internal/modules/esm/utils:346:16)
      at ModuleLoader.moduleStrategy (node:internal/modules/esm/translators:110:18)
      at #translate (node:internal/modules/esm/loader:559:20)
      at afterLoad (node:internal/modules/esm/loader:612:29)
      at ModuleLoader.loadAndTranslate (node:internal/modules/esm/loader:617:12)
      at #createModuleJob (node:internal/modules/esm/loader:640:36)
      at #getJobFromResolveResult (node:internal/modules/esm/loader:353:34)
      at ModuleLoader.getModuleJobForImport (node:internal/modules/esm/loader:321:41)
      at async onImport.tracePromise.__proto__ (node:internal/modules/esm/loader:680:25),
  status: 500,
  statusText: undefined,
  headers: undefined,
  data: undefined,
  body: undefined,
  unhandled: true
}
SyntaxError: Export 'ssr_exports' is not defined in module
    at compileSourceTextModule (node:internal/modules/esm/utils:346:16)
    ... 7 lines matching cause stack trace ...
    at async onImport.tracePromise.__proto__ (node:internal/modules/esm/loader:680:25) {
  cause: SyntaxError: Export 'ssr_exports' is not defined in module
      at compileSourceTextModule (node:internal/modules/esm/utils:346:16)
      at ModuleLoader.moduleStrategy (node:internal/modules/esm/translators:110:18)
      at #translate (node:internal/modules/esm/loader:559:20)
      at afterLoad (node:internal/modules/esm/loader:612:29)
      at ModuleLoader.loadAndTranslate (node:internal/modules/esm/loader:617:12)
      at #createModuleJob (node:internal/modules/esm/loader:640:36)
      at #getJobFromResolveResult (node:internal/modules/esm/loader:353:34)
      at ModuleLoader.getModuleJobForImport (node:internal/modules/esm/loader:321:41)
      at async onImport.tracePromise.__proto__ (node:internal/modules/esm/loader:680:25),
  status: 500,
  statusText: undefined,
  headers: undefined,
  data: undefined,
  body: undefined,
  unhandled: true
}
SyntaxError: Export 'ssr_exports' is not defined in module
    at compileSourceTextModule (node:internal/modules/esm/utils:346:16)
    ... 7 lines matching cause stack trace ...
    at async onImport.tracePromise.__proto__ (node:internal/modules/esm/loader:680:25) {
  cause: SyntaxError: Export 'ssr_exports' is not defined in module
      at compileSourceTextModule (node:internal/modules/esm/utils:346:16)
      at ModuleLoader.moduleStrategy (node:internal/modules/esm/translators:110:18)
      at #translate (node:internal/modules/esm/loader:559:20)
      at afterLoad (node:internal/modules/esm/loader:612:29)
      at ModuleLoader.loadAndTranslate (node:internal/modules/esm/loader:617:12)
      at #createModuleJob (node:internal/modules/esm/loader:640:36)
      at #getJobFromResolveResult (node:internal/modules/esm/loader:353:34)
      at ModuleLoader.getModuleJobForImport (node:internal/modules/esm/loader:321:41)
      at async onImport.tracePromise.__proto__ (node:internal/modules/esm/loader:680:25),
  status: 500,
  statusText: undefined,
  headers: undefined,
  data: undefined,
  body: undefined,
  unhandled: true
}
SyntaxError: Export 'ssr_exports' is not defined in module
    at compileSourceTextModule (node:internal/modules/esm/utils:346:16)
    ... 7 lines matching cause stack trace ...
    at async onImport.tracePromise.__proto__ (node:internal/modules/esm/loader:680:25) {
  cause: SyntaxError: Export 'ssr_exports' is not defined in module
      at compileSourceTextModule (node:internal/modules/esm/utils:346:16)
      at ModuleLoader.moduleStrategy (node:internal/modules/esm/translators:110:18)
      at #translate (node:internal/modules/esm/loader:559:20)
      at afterLoad (node:internal/modules/esm/loader:612:29)
      at ModuleLoader.loadAndTranslate (node:internal/modules/esm/loader:617:12)
      at #createModuleJob (node:internal/modules/esm/loader:640:36)
      at #getJobFromResolveResult (node:internal/modules/esm/loader:353:34)
      at ModuleLoader.getModuleJobForImport (node:internal/modules/esm/loader:321:41)
      at async onImport.tracePromise.__proto__ (node:internal/modules/esm/loader:680:25),
  status: 500,
  statusText: undefined,
  headers: undefined,
  data: undefined,
  body: undefined,
  unhandled: true
}
SyntaxError: Export 'ssr_exports' is not defined in module
    at compileSourceTextModule (node:internal/modules/esm/utils:346:16)
    ... 7 lines matching cause stack trace ...
    at async onImport.tracePromise.__proto__ (node:internal/modules/esm/loader:680:25) {
  cause: SyntaxError: Export 'ssr_exports' is not defined in module
      at compileSourceTextModule (node:internal/modules/esm/utils:346:16)
      at ModuleLoader.moduleStrategy (node:internal/modules/esm/translators:110:18)
      at #translate (node:internal/modules/esm/loader:559:20)
      at afterLoad (node:internal/modules/esm/loader:612:29)
      at ModuleLoader.loadAndTranslate (node:internal/modules/esm/loader:617:12)
      at #createModuleJob (node:internal/modules/esm/loader:640:36)
      at #getJobFromResolveResult (node:internal/modules/esm/loader:353:34)
      at ModuleLoader.getModuleJobForImport (node:internal/modules/esm/loader:321:41)
      at async onImport.tracePromise.__proto__ (node:internal/modules/esm/loader:680:25),
  status: 500,
  statusText: undefined,
  headers: undefined,
  data: undefined,
  body: undefined,
  unhandled: true
}
SyntaxError: Export 'ssr_exports' is not defined in module
    at compileSourceTextModule (node:internal/modules/esm/utils:346:16)
    ... 7 lines matching cause stack trace ...
    at async onImport.tracePromise.__proto__ (node:internal/modules/esm/loader:680:25) {
  cause: SyntaxError: Export 'ssr_exports' is not defined in module
      at compileSourceTextModule (node:internal/modules/esm/utils:346:16)
      at ModuleLoader.moduleStrategy (node:internal/modules/esm/translators:110:18)
      at #translate (node:internal/modules/esm/loader:559:20)
      at afterLoad (node:internal/modules/esm/loader:612:29)
      at ModuleLoader.loadAndTranslate (node:internal/modules/esm/loader:617:12)
      at #createModuleJob (node:internal/modules/esm/loader:640:36)
      at #getJobFromResolveResult (node:internal/modules/esm/loader:353:34)
      at ModuleLoader.getModuleJobForImport (node:internal/modules/esm/loader:321:41)
      at async onImport.tracePromise.__proto__ (node:internal/modules/esm/loader:680:25),
  status: 500,
  statusText: undefined,
  headers: undefined,
  data: undefined,
  body: undefined,
  unhandled: true
}
SyntaxError: Export 'ssr_exports' is not defined in module
    at compileSourceTextModule (node:internal/modules/esm/utils:346:16)
    ... 7 lines matching cause stack trace ...
    at async onImport.tracePromise.__proto__ (node:internal/modules/esm/loader:680:25) {
  cause: SyntaxError: Export 'ssr_exports' is not defined in module
      at compileSourceTextModule (node:internal/modules/esm/utils:346:16)
      at ModuleLoader.moduleStrategy (node:internal/modules/esm/translators:110:18)
      at #translate (node:internal/modules/esm/loader:559:20)
      at afterLoad (node:internal/modules/esm/loader:612:29)
      at ModuleLoader.loadAndTranslate (node:internal/modules/esm/loader:617:12)
      at #createModuleJob (node:internal/modules/esm/loader:640:36)
      at #getJobFromResolveResult (node:internal/modules/esm/loader:353:34)
      at ModuleLoader.getModuleJobForImport (node:internal/modules/esm/loader:321:41)
      at async onImport.tracePromise.__proto__ (node:internal/modules/esm/loader:680:25),
  status: 500,
  statusText: undefined,
  headers: undefined,
  data: undefined,
  body: undefined,
  unhandled: true
}
SyntaxError: Export 'ssr_exports' is not defined in module
    at compileSourceTextModule (node:internal/modules/esm/utils:346:16)
    ... 7 lines matching cause stack trace ...
    at async onImport.tracePromise.__proto__ (node:internal/modules/esm/loader:680:25) {
  cause: SyntaxError: Export 'ssr_exports' is not defined in module
      at compileSourceTextModule (node:internal/modules/esm/utils:346:16)
      at ModuleLoader.moduleStrategy (node:internal/modules/esm/translators:110:18)
      at #translate (node:internal/modules/esm/loader:559:20)
      at afterLoad (node:internal/modules/esm/loader:612:29)
      at ModuleLoader.loadAndTranslate (node:internal/modules/esm/loader:617:12)
      at #createModuleJob (node:internal/modules/esm/loader:640:36)
      at #getJobFromResolveResult (node:internal/modules/esm/loader:353:34)
      at ModuleLoader.getModuleJobForImport (node:internal/modules/esm/loader:321:41)
      at async onImport.tracePromise.__proto__ (node:internal/modules/esm/loader:680:25),
  status: 500,
  statusText: undefined,
  headers: undefined,
  data: undefined,
  body: undefined,
  unhandled: true
}
SyntaxError: Export 'ssr_exports' is not defined in module
    at compileSourceTextModule (node:internal/modules/esm/utils:346:16)
    ... 7 lines matching cause stack trace ...
    at async onImport.tracePromise.__proto__ (node:internal/modules/esm/loader:680:25) {
  cause: SyntaxError: Export 'ssr_exports' is not defined in module
      at compileSourceTextModule (node:internal/modules/esm/utils:346:16)
      at ModuleLoader.moduleStrategy (node:internal/modules/esm/translators:110:18)
      at #translate (node:internal/modules/esm/loader:559:20)
      at afterLoad (node:internal/modules/esm/loader:612:29)
      at ModuleLoader.loadAndTranslate (node:internal/modules/esm/loader:617:12)
      at #createModuleJob (node:internal/modules/esm/loader:640:36)
      at #getJobFromResolveResult (node:internal/modules/esm/loader:353:34)
      at ModuleLoader.getModuleJobForImport (node:internal/modules/esm/loader:321:41)
      at async onImport.tracePromise.__proto__ (node:internal/modules/esm/loader:680:25),
  status: 500,
  statusText: undefined,
  headers: undefined,
  data: undefined,
  body: undefined,
  unhandled: true
}

> preview
> node scripts/with-app-env.mjs vite preview


 ╭────────── [Build Info] ─────────────╮
 │                                     │
 │  - Build Directory: .vercel/output  │
 │  - Date: 9/2/2026, 5:40:47 PM       │
 │  - Nitro Version: 3.0.260610-beta   │
 │  - Nitro Preset: vercel             │
 │                                     │
 ╰─────────────────────────────────────╯

  ➜  Local:   http://127.0.0.1:8081/
[db] PGLite bootstrap failed: Error: ENOENT: no such file or directory, open '/workspace/.vercel/output/functions/__server.func/pglite.data'
    at async open (node:internal/fs/promises:639:25)
    at async Module.readFile (node:internal/fs/promises:1252:14)
    at async Object.w$1 (file:///workspace/.vercel/output/functions/__server.func/index.mjs:28428:16) {
  errno: -2,
  code: 'ENOENT',
  syscall: 'open',
  path: '/workspace/.vercel/output/functions/__server.func/pglite.data'
}
node:internal/process/promises:394
    triggerUncaughtException(err, true /* fromPromise */);
    ^

Error: ENOENT: no such file or directory, open '/workspace/.vercel/output/functions/__server.func/pglite.data'
    at async open (node:internal/fs/promises:639:25)
    at async Module.readFile (node:internal/fs/promises:1252:14)
    at async Object.w$1 (file:///workspace/.vercel/output/functions/__server.func/index.mjs:28428:16) {
  errno: -2,
  code: 'ENOENT',
  syscall: 'open',
  path: '/workspace/.vercel/output/functions/__server.func/pglite.data'
}

Node.js v22.23.2

> preview
> node scripts/with-app-env.mjs vite preview


 ╭────────── [Build Info] ─────────────╮
 │                                     │
 │  - Build Directory: .vercel/output  │
 │  - Date: 9/2/2026, 5:40:47 PM       │
 │  - Nitro Version: 3.0.260610-beta   │
 │  - Nitro Preset: vercel             │
 │                                     │
 ╰─────────────────────────────────────╯

  ➜  Local:   http://127.0.0.1:8081/
2026-09-02T17:42:04.702Z WARN [Better Auth]: Rate limiting could not determine a client IP and is falling back to a single shared per-path bucket. Ensure your runtime forwards a trusted client IP header, then set `advanced.ipAddress.ipAddressHeaders` or `advanced.ipAddress.trustedProxies` so the address can be resolved.

> preview
> node scripts/with-app-env.mjs vite preview


 ╭────────── [Build Info] ─────────────╮
 │                                     │
 │  - Build Directory: .vercel/output  │
 │  - Date: 9/2/2026, 6:16:30 PM       │
 │  - Nitro Version: 3.0.260610-beta   │
 │  - Nitro Preset: vercel             │
 │                                     │
 ╰─────────────────────────────────────╯

  ➜  Local:   http://127.0.0.1:8081/
[db] PGLite bootstrap failed: Error: ENOENT: no such file or directory, open '/workspace/.vercel/output/functions/__server.func/pglite.data'
    at async open (node:internal/fs/promises:639:25)
    at async Module.readFile (node:internal/fs/promises:1252:14)
    at async Object.w$1 (file:///workspace/.vercel/output/functions/__server.func/index.mjs:28428:16) {
  errno: -2,
  code: 'ENOENT',
  syscall: 'open',
  path: '/workspace/.vercel/output/functions/__server.func/pglite.data'
}
node:internal/process/promises:394
    triggerUncaughtException(err, true /* fromPromise */);
    ^

Error: ENOENT: no such file or directory, open '/workspace/.vercel/output/functions/__server.func/pglite.data'
    at async open (node:internal/fs/promises:639:25)
    at async Module.readFile (node:internal/fs/promises:1252:14)
    at async Object.w$1 (file:///workspace/.vercel/output/functions/__server.func/index.mjs:28428:16) {
  errno: -2,
  code: 'ENOENT',
  syscall: 'open',
  path: '/workspace/.vercel/output/functions/__server.func/pglite.data'
}

Node.js v22.23.2

> preview
> node scripts/with-app-env.mjs vite preview


 ╭────────── [Build Info] ─────────────╮
 │                                     │
 │  - Build Directory: .vercel/output  │
 │  - Date: 9/2/2026, 6:16:30 PM       │
 │  - Nitro Version: 3.0.260610-beta   │
 │  - Nitro Preset: vercel             │
 │                                     │
 ╰─────────────────────────────────────╯

  ➜  Local:   http://127.0.0.1:8081/
node:internal/fs/promises:639
  return new FileHandle(await PromisePrototypeThen(
                        ^

Error: ENOENT: no such file or directory, open '/workspace/.vercel/output/functions/__server.func/pglite.wasm'
    at async open (node:internal/fs/promises:639:25)
    at async Module.readFile (node:internal/fs/promises:1252:14)
    at async Object.b$1 (file:///workspace/.vercel/output/functions/__server.func/index.mjs:28413:11) {
  errno: -2,
  code: 'ENOENT',
  syscall: 'open',
  path: '/workspace/.vercel/output/functions/__server.func/pglite.wasm'
}

Node.js v22.23.2

> preview
> node scripts/with-app-env.mjs vite preview


 ╭────────── [Build Info] ─────────────╮
 │                                     │
 │  - Build Directory: .vercel/output  │
 │  - Date: 9/2/2026, 6:16:30 PM       │
 │  - Nitro Version: 3.0.260610-beta   │
 │  - Nitro Preset: vercel             │
 │                                     │
 ╰─────────────────────────────────────╯

  ➜  Local:   http://127.0.0.1:8081/
node:internal/fs/promises:639
  return new FileHandle(await PromisePrototypeThen(
                        ^

Error: ENOENT: no such file or directory, open '/workspace/.vercel/output/functions/__server.func/initdb.wasm'
    at async open (node:internal/fs/promises:639:25)
    at async Module.readFile (node:internal/fs/promises:1252:14)
    at async Object.b$1 (file:///workspace/.vercel/output/functions/__server.func/index.mjs:28413:11) {
  errno: -2,
  code: 'ENOENT',
  syscall: 'open',
  path: '/workspace/.vercel/output/functions/__server.func/initdb.wasm'
}

Node.js v22.23.2

> preview
> node scripts/with-app-env.mjs vite preview


 ╭────────── [Build Info] ─────────────╮
 │                                     │
 │  - Build Directory: .vercel/output  │
 │  - Date: 9/2/2026, 6:16:30 PM       │
 │  - Nitro Version: 3.0.260610-beta   │
 │  - Nitro Preset: vercel             │
 │                                     │
 ╰─────────────────────────────────────╯

  ➜  Local:   http://127.0.0.1:8081/
2026-09-02T18:17:58.791Z WARN [Better Auth]: Rate limiting could not determine a client IP and is falling back to a single shared per-path bucket. Ensure your runtime forwards a trusted client IP header, then set `advanced.ipAddress.ipAddressHeaders` or `advanced.ipAddress.trustedProxies` so the address can be resolved.

> preview
> node scripts/with-app-env.mjs vite preview


 ╭────────── [Build Info] ─────────────╮
 │                                     │
 │  - Build Directory: .vercel/output  │
 │  - Date: 9/2/2026, 6:26:18 PM       │
 │  - Nitro Version: 3.0.260610-beta   │
 │  - Nitro Preset: vercel             │
 │                                     │
 ╰─────────────────────────────────────╯

  ➜  Local:   http://127.0.0.1:8081/
2026-09-02T18:26:31.754Z WARN [Better Auth]: Rate limiting could not determine a client IP and is falling back to a single shared per-path bucket. Ensure your runtime forwards a trusted client IP header, then set `advanced.ipAddress.ipAddressHeaders` or `advanced.ipAddress.trustedProxies` so the address can be resolved.
